// Jest Snapshot v1, https://goo.gl/fbAQLP

exports[`CourtMap should match snapshot upon render 1`] = `
ShallowWrapper {
  "length": 1,
  Symbol(enzyme.__root__): [Circular],
  Symbol(enzyme.__unrendered__): <Unknown
    coord={
        Object {
            "lat": 5.36,
            "lng": 5.47,
          }
    }
    google={Object {}}
/>,
  Symbol(enzyme.__renderer__): Object {
    "batchedUpdates": [Function],
    "getNode": [Function],
    "render": [Function],
    "simulateEvent": [Function],
    "unmount": [Function],
  },
  Symbol(enzyme.__node__): Object {
    "instance": null,
    "key": undefined,
    "nodeType": "class",
    "props": Object {
      "center": Object {
        "lat": 5.36,
        "lng": 5.47,
      },
      "centerAroundCurrentLocation": false,
      "children": <Marker
        name="Marker"
        position={
                Object {
                        "lat": 5.36,
                        "lng": 5.47,
                      }
        }
/>,
      "containerStyle": Object {},
      "google": Object {},
      "initialCenter": Object {
        "lat": 5.36,
        "lng": 5.47,
      },
      "style": Object {
        "height": "50vh",
        "margin": "3% auto",
        "width": "60vw",
      },
      "visible": true,
      "zoom": 14,
    },
    "ref": null,
    "rendered": Object {
      "instance": null,
      "key": undefined,
      "nodeType": "class",
      "props": Object {
        "name": "Marker",
        "position": Object {
          "lat": 5.36,
          "lng": 5.47,
        },
      },
      "ref": null,
      "rendered": null,
      "type": [Function],
    },
    "type": [Function],
  },
  Symbol(enzyme.__nodes__): Array [
    Object {
      "instance": null,
      "key": undefined,
      "nodeType": "class",
      "props": Object {
        "center": Object {
          "lat": 5.36,
          "lng": 5.47,
        },
        "centerAroundCurrentLocation": false,
        "children": <Marker
          name="Marker"
          position={
                    Object {
                              "lat": 5.36,
                              "lng": 5.47,
                            }
          }
/>,
        "containerStyle": Object {},
        "google": Object {},
        "initialCenter": Object {
          "lat": 5.36,
          "lng": 5.47,
        },
        "style": Object {
          "height": "50vh",
          "margin": "3% auto",
          "width": "60vw",
        },
        "visible": true,
        "zoom": 14,
      },
      "ref": null,
      "rendered": Object {
        "instance": null,
        "key": undefined,
        "nodeType": "class",
        "props": Object {
          "name": "Marker",
          "position": Object {
            "lat": 5.36,
            "lng": 5.47,
          },
        },
        "ref": null,
        "rendered": null,
        "type": [Function],
      },
      "type": [Function],
    },
  ],
  Symbol(enzyme.__options__): Object {
    "adapter": ReactSixteenAdapter {
      "options": Object {
        "enableComponentDidUpdateOnSetState": true,
      },
    },
  },
}
`;
