// Jest Snapshot v1, https://goo.gl/fbAQLP

exports[`CreateAccount should match snapshot upon initial render 1`] = `
ShallowWrapper {
  "length": 1,
  Symbol(enzyme.__root__): [Circular],
  Symbol(enzyme.__unrendered__): <CreateAccount />,
  Symbol(enzyme.__renderer__): Object {
    "batchedUpdates": [Function],
    "getNode": [Function],
    "render": [Function],
    "simulateEvent": [Function],
    "unmount": [Function],
  },
  Symbol(enzyme.__node__): Object {
    "instance": null,
    "key": undefined,
    "nodeType": "host",
    "props": Object {
      "children": <form
        onChange={[Function]}
        onSubmit={[Function]}
>
        <input
                name="email"
                type="email"
        />
        <input
                name="name"
                type="text"
        />
        <input
                name="password"
                type="password"
        />
        <input
                name="dateOfBirth"
                type="text"
        />
        <button>
                Create Account
        </button>
</form>,
      "className": "create-account",
    },
    "ref": null,
    "rendered": Object {
      "instance": null,
      "key": undefined,
      "nodeType": "host",
      "props": Object {
        "children": Array [
          <input
            name="email"
            type="email"
/>,
          <input
            name="name"
            type="text"
/>,
          <input
            name="password"
            type="password"
/>,
          <input
            name="dateOfBirth"
            type="text"
/>,
          <button>
            Create Account
</button>,
        ],
        "onChange": [Function],
        "onSubmit": [Function],
      },
      "ref": null,
      "rendered": Array [
        Object {
          "instance": null,
          "key": undefined,
          "nodeType": "host",
          "props": Object {
            "name": "email",
            "type": "email",
          },
          "ref": null,
          "rendered": null,
          "type": "input",
        },
        Object {
          "instance": null,
          "key": undefined,
          "nodeType": "host",
          "props": Object {
            "name": "name",
            "type": "text",
          },
          "ref": null,
          "rendered": null,
          "type": "input",
        },
        Object {
          "instance": null,
          "key": undefined,
          "nodeType": "host",
          "props": Object {
            "name": "password",
            "type": "password",
          },
          "ref": null,
          "rendered": null,
          "type": "input",
        },
        Object {
          "instance": null,
          "key": undefined,
          "nodeType": "host",
          "props": Object {
            "name": "dateOfBirth",
            "type": "text",
          },
          "ref": null,
          "rendered": null,
          "type": "input",
        },
        Object {
          "instance": null,
          "key": undefined,
          "nodeType": "host",
          "props": Object {
            "children": "Create Account",
          },
          "ref": null,
          "rendered": "Create Account",
          "type": "button",
        },
      ],
      "type": "form",
    },
    "type": "div",
  },
  Symbol(enzyme.__nodes__): Array [
    Object {
      "instance": null,
      "key": undefined,
      "nodeType": "host",
      "props": Object {
        "children": <form
          onChange={[Function]}
          onSubmit={[Function]}
>
          <input
                    name="email"
                    type="email"
          />
          <input
                    name="name"
                    type="text"
          />
          <input
                    name="password"
                    type="password"
          />
          <input
                    name="dateOfBirth"
                    type="text"
          />
          <button>
                    Create Account
          </button>
</form>,
        "className": "create-account",
      },
      "ref": null,
      "rendered": Object {
        "instance": null,
        "key": undefined,
        "nodeType": "host",
        "props": Object {
          "children": Array [
            <input
              name="email"
              type="email"
/>,
            <input
              name="name"
              type="text"
/>,
            <input
              name="password"
              type="password"
/>,
            <input
              name="dateOfBirth"
              type="text"
/>,
            <button>
              Create Account
</button>,
          ],
          "onChange": [Function],
          "onSubmit": [Function],
        },
        "ref": null,
        "rendered": Array [
          Object {
            "instance": null,
            "key": undefined,
            "nodeType": "host",
            "props": Object {
              "name": "email",
              "type": "email",
            },
            "ref": null,
            "rendered": null,
            "type": "input",
          },
          Object {
            "instance": null,
            "key": undefined,
            "nodeType": "host",
            "props": Object {
              "name": "name",
              "type": "text",
            },
            "ref": null,
            "rendered": null,
            "type": "input",
          },
          Object {
            "instance": null,
            "key": undefined,
            "nodeType": "host",
            "props": Object {
              "name": "password",
              "type": "password",
            },
            "ref": null,
            "rendered": null,
            "type": "input",
          },
          Object {
            "instance": null,
            "key": undefined,
            "nodeType": "host",
            "props": Object {
              "name": "dateOfBirth",
              "type": "text",
            },
            "ref": null,
            "rendered": null,
            "type": "input",
          },
          Object {
            "instance": null,
            "key": undefined,
            "nodeType": "host",
            "props": Object {
              "children": "Create Account",
            },
            "ref": null,
            "rendered": "Create Account",
            "type": "button",
          },
        ],
        "type": "form",
      },
      "type": "div",
    },
  ],
  Symbol(enzyme.__options__): Object {
    "adapter": ReactSixteenAdapter {
      "options": Object {
        "enableComponentDidUpdateOnSetState": true,
      },
    },
  },
}
`;
